[winwithtrader.com/vsl/index.html]
[backblue.gif]
[fade.gif]
[index.html]
[winwithtrader.com/wp-content/plugins/elementor/assets/css/frontend.min52dd.css]
[winwithtrader.com/wp-content/plugins/elementor/assets/lib/swiper/v8/css/swiper.min94a4.css]
[winwithtrader.com/wp-content/plugins/elementor/assets/css/conditionals/e-swiper.min52dd.css]
[winwithtrader.com/wp-content/uploads/elementor/css/post-80f8f.css]
[winwithtrader.com/wp-content/uploads/elementor/css/global0f8f.css]
[winwithtrader.com/wp-content/plugins/elementor/assets/css/widget-text-editor.min52dd.css]
[winwithtrader.com/wp-content/uploads/elementor/css/post-9f6bc.css]
[connect.facebook.net/en_US/fbevents.js]
[cdn.utmify.com.br/scripts/utms/latest.js]
[images.converteai.net/51b893ad-7da1-400a-a9ab-6436c3177c69/players/67110961a264a0000bfcf791/thumbnail.jpg]
[scripts.converteai.net/51b893ad-7da1-400a-a9ab-6436c3177c69/players/67110961a264a0000bfcf791/player.js]
[analytics.tiktok.com/i18n/pixel/events.js]
[winwithtrader.com/wp-content/plugins/elementor/assets/js/webpack.runtime.min52dd.js]
[winwithtrader.com/wp-includes/js/jquery/jquery.minf43b.js]
[winwithtrader.com/wp-includes/js/jquery/jquery-migrate.min5589.js]
[winwithtrader.com/wp-content/plugins/elementor/assets/js/frontend-modules.min52dd.js]
[winwithtrader.com/wp-includes/js/jquery/ui/core.minb37e.js]
[winwithtrader.com/vsl/index.html]
[winwithtrader.com/wp-content/plugins/elementor/assets/css/frontend.min52dd.css]
[winwithtrader.com/wp-content/plugins/elementor/assets/lib/swiper/v8/css/swiper.min94a4.css]
[winwithtrader.com/wp-content/plugins/elementor/assets/css/conditionals/e-swiper.min52dd.css]
[winwithtrader.com/wp-content/uploads/elementor/css/post-80f8f.css]
[winwithtrader.com/wp-content/uploads/elementor/css/global0f8f.css]
[winwithtrader.com/wp-content/plugins/elementor/assets/css/widget-text-editor.min52dd.css]
[winwithtrader.com/wp-content/uploads/elementor/css/post-9f6bc.css]
[winwithtrader.com/wp-content/plugins/elementor/assets/js/frontend.min52dd.js]
[winwithtrader.com/vsl/POST]
[winwithtrader.com/vsl/b.resolvedLink]
[winwithtrader.com/vsl/schema.org/index.html]
[winwithtrader.com/signals/iwl.js]
[connect.facebook.net/en_US/fbevents.js]
[winwithtrader.com/wp-content/plugins/elementor/assets/js/webpack.runtime.min52dd.js]
[winwithtrader.com/wp-includes/js/jquery/jquery.minf43b.js]
[winwithtrader.com/wp-includes/js/jquery/jquery-migrate.min5589.js]
[winwithtrader.com/wp-content/plugins/elementor/assets/js/frontend-modules.min52dd.js]
[winwithtrader.com/wp-includes/js/jquery/ui/core.minb37e.js]
[winwithtrader.com/vsl/-negative.svg]
[winwithtrader.com/wp-content/plugins/elementor/assets/js/frontend.min52dd.js]
[winwithtrader.com/vsl/POST.html]
[winwithtrader.com/vsl/schema.org/index.html]
[winwithtrader.com/vsl/b.html]
[winwithtrader.com/signals/iwl.html]
[winwithtrader.com/vsl/-negative.html]
[winwithtrader.com/vsl/OPR/index.html]
[winwithtrader.com/vsl/OPR/index.html]
